// Jest Snapshot v1, https://goo.gl/fbAQLP

exports[`Input snapshot renders 1`] = `"<div class=\\"Input-showResultsBottom-0-2-1\\"><div class=\\"Input-flexRow-0-2-3\\"><input id=\\"searchBarInput\\" type=\\"text\\" autocomplete=\\"off\\" placeholder=\\"Search for...\\" class=\\"Input-input-0-2-7\\" value=\\"Java\\"><div class=\\"Input-flexRow1-0-2-8\\"><div class=\\"Input-divider-0-2-4\\"></div><svg id=\\"Capa_1\\" enable-background=\\"new 0 0 413.348 413.348\\" height=\\"512\\" viewBox=\\"0 0 413.348 413.348\\" width=\\"512\\" xmlns=\\"http://www.w3.org/2000/svg\\" class=\\"Input-iconClear-0-2-6\\"><path d=\\"m413.348 24.354-24.354-24.354-182.32 182.32-182.32-182.32-24.354 24.354 182.32 182.32-182.32 182.32 24.354 24.354 182.32-182.32 182.32 182.32 24.354-24.354-182.32-182.32z\\"></path></svg></div></div></div>"`;
